// Jest Snapshot v1, https://goo.gl/fbAQLP

exports[`<Button> When mounted should have snapshot 1`] = `ShallowWrapper {}`;
